Copyright 1986-2019 Xilinx, Inc. All Rights Reserved.
--------------------------------------------------------------------------------------------------------------------------------------------------------------------------------------------------------------
| Tool Version : Vivado v.2019.2 (lin64) Build 2708876 Wed Nov  6 21:39:14 MST 2019
| Date         : Wed Dec  3 21:31:28 2025
| Host         : juc-Latitude-7490 running 64-bit Ubuntu 24.04.3 LTS
| Command      : report_timing_summary -max_paths 10 -file cla_adder_top_timing_summary_routed.rpt -pb cla_adder_top_timing_summary_routed.pb -rpx cla_adder_top_timing_summary_routed.rpx -warn_on_violation
| Design       : cla_adder_top
| Device       : 7s50-csga324
| Speed File   : -1  PRODUCTION 1.23 2018-06-13
--------------------------------------------------------------------------------------------------------------------------------------------------------------------------------------------------------------

Timing Summary Report

------------------------------------------------------------------------------------------------
| Timer Settings
| --------------
------------------------------------------------------------------------------------------------

  Enable Multi Corner Analysis               :  Yes
  Enable Pessimism Removal                   :  Yes
  Pessimism Removal Resolution               :  Nearest Common Node
  Enable Input Delay Default Clock           :  No
  Enable Preset / Clear Arcs                 :  No
  Disable Flight Delays                      :  No
  Ignore I/O Paths                           :  No
  Timing Early Launch at Borrowing Latches   :  No
  Borrow Time for Max Delay Exceptions       :  Yes
  Merge Timing Exceptions                    :  Yes

  Corner  Analyze    Analyze    
  Name    Max Paths  Min Paths  
  ------  ---------  ---------  
  Slow    Yes        Yes        
  Fast    Yes        Yes        



check_timing report

Table of Contents
-----------------
1. checking no_clock
2. checking constant_clock
3. checking pulse_width_clock
4. checking unconstrained_internal_endpoints
5. checking no_input_delay
6. checking no_output_delay
7. checking multiple_clock
8. checking generated_clocks
9. checking loops
10. checking partial_input_delay
11. checking partial_output_delay
12. checking latch_loops

1. checking no_clock
--------------------
 There are 0 register/latch pins with no clock.


2. checking constant_clock
--------------------------
 There are 0 register/latch pins with constant_clock.


3. checking pulse_width_clock
-----------------------------
 There are 0 register/latch pins which need pulse_width check


4. checking unconstrained_internal_endpoints
--------------------------------------------
 There are 0 pins that are not constrained for maximum delay.

 There are 0 pins that are not constrained for maximum delay due to constant clock.


5. checking no_input_delay
--------------------------
 There are 12 input ports with no input delay specified. (HIGH)

 There are 0 input ports with no input delay but user has a false path constraint.


6. checking no_output_delay
---------------------------
 There are 6 ports with no output delay specified. (HIGH)

 There are 0 ports with no output delay but user has a false path constraint

 There are 0 ports with no output delay but with a timing clock defined on it or propagating through it


7. checking multiple_clock
--------------------------
 There are 0 register/latch pins with multiple clocks.


8. checking generated_clocks
----------------------------
 There are 0 generated clocks that are not connected to a clock source.


9. checking loops
-----------------
 There are 0 combinational loops in the design.


10. checking partial_input_delay
--------------------------------
 There are 0 input ports with partial input delay specified.


11. checking partial_output_delay
---------------------------------
 There are 0 ports with partial output delay specified.


12. checking latch_loops
------------------------
 There are 0 combinational latch loops in the design through latch input



------------------------------------------------------------------------------------------------
| Design Timing Summary
| ---------------------
------------------------------------------------------------------------------------------------

    WNS(ns)      TNS(ns)  TNS Failing Endpoints  TNS Total Endpoints      WHS(ns)      THS(ns)  THS Failing Endpoints  THS Total Endpoints     WPWS(ns)     TPWS(ns)  TPWS Failing Endpoints  TPWS Total Endpoints  
    -------      -------  ---------------------  -------------------      -------      -------  ---------------------  -------------------     --------     --------  ----------------------  --------------------  
      6.977        0.000                      0                    6        0.165        0.000                      0                    6        4.500        0.000                       0                    17  


All user specified timing constraints are met.


------------------------------------------------------------------------------------------------
| Clock Summary
| -------------
------------------------------------------------------------------------------------------------

Clock        Waveform(ns)       Period(ns)      Frequency(MHz)
-----        ------------       ----------      --------------
sys_clk_pin  {0.000 5.000}      10.000          100.000         


------------------------------------------------------------------------------------------------
| Intra Clock Table
| -----------------
------------------------------------------------------------------------------------------------

Clock             WNS(ns)      TNS(ns)  TNS Failing Endpoints  TNS Total Endpoints      WHS(ns)      THS(ns)  THS Failing Endpoints  THS Total Endpoints     WPWS(ns)     TPWS(ns)  TPWS Failing Endpoints  TPWS Total Endpoints  
-----             -------      -------  ---------------------  -------------------      -------      -------  ---------------------  -------------------     --------     --------  ----------------------  --------------------  
sys_clk_pin         6.977        0.000                      0                    6        0.165        0.000                      0                    6        4.500        0.000                       0                    17  


------------------------------------------------------------------------------------------------
| Inter Clock Table
| -----------------
------------------------------------------------------------------------------------------------

From Clock    To Clock          WNS(ns)      TNS(ns)  TNS Failing Endpoints  TNS Total Endpoints      WHS(ns)      THS(ns)  THS Failing Endpoints  THS Total Endpoints  
----------    --------          -------      -------  ---------------------  -------------------      -------      -------  ---------------------  -------------------  


------------------------------------------------------------------------------------------------
| Other Path Groups Table
| -----------------------
------------------------------------------------------------------------------------------------

Path Group    From Clock    To Clock          WNS(ns)      TNS(ns)  TNS Failing Endpoints  TNS Total Endpoints      WHS(ns)      THS(ns)  THS Failing Endpoints  THS Total Endpoints  
----------    ----------    --------          -------      -------  ---------------------  -------------------      -------      -------  ---------------------  -------------------  


------------------------------------------------------------------------------------------------
| Timing Details
| --------------
------------------------------------------------------------------------------------------------


---------------------------------------------------------------------------------------------------
From Clock:  sys_clk_pin
  To Clock:  sys_clk_pin

Setup :            0  Failing Endpoints,  Worst Slack        6.977ns,  Total Violation        0.000ns
Hold  :            0  Failing Endpoints,  Worst Slack        0.165ns,  Total Violation        0.000ns
PW    :            0  Failing Endpoints,  Worst Slack        4.500ns,  Total Violation        0.000ns
---------------------------------------------------------------------------------------------------


Max Delay Paths
--------------------------------------------------------------------------------------
Slack (MET) :             6.977ns  (required time - arrival time)
  Source:                 input_stage[1].ff_a/Q_reg/C
                            (rising edge-triggered cell FDCE clocked by sys_clk_pin  {rise@0.000ns fall@5.000ns period=10.000ns})
  Destination:            ff_cout/Q_reg/D
                            (rising edge-triggered cell FDCE clocked by sys_clk_pin  {rise@0.000ns fall@5.000ns period=10.000ns})
  Path Group:             sys_clk_pin
  Path Type:              Setup (Max at Slow Process Corner)
  Requirement:            10.000ns  (sys_clk_pin rise@10.000ns - sys_clk_pin rise@0.000ns)
  Data Path Delay:        2.993ns  (logic 1.120ns (37.418%)  route 1.873ns (62.582%))
  Logic Levels:           3  (LUT3=1 LUT5=2)
  Clock Path Skew:        -0.023ns (DCD - SCD + CPR)
    Destination Clock Delay (DCD):    4.863ns = ( 14.863 - 10.000 ) 
    Source Clock Delay      (SCD):    5.158ns
    Clock Pessimism Removal (CPR):    0.272ns
  Clock Uncertainty:      0.035ns  ((TSJ^2 + TIJ^2)^1/2 + DJ) / 2 + PE
    Total System Jitter     (TSJ):    0.071ns
    Total Input Jitter      (TIJ):    0.000ns
    Discrete Jitter          (DJ):    0.000ns
    Phase Error              (PE):    0.000ns

    Location             Delay type                Incr(ns)  Path(ns)    Netlist Resource(s)
  -------------------------------------------------------------------    -------------------
                         (clock sys_clk_pin rise edge)
                                                      0.000     0.000 r  
    F14                                               0.000     0.000 r  clk (IN)
                         net (fo=0)                   0.000     0.000    clk
    F14                  IBUF (Prop_ibuf_I_O)         1.458     1.458 r  clk_IBUF_inst/O
                         net (fo=1, routed)           1.972     3.430    clk_IBUF
    BUFGCTRL_X0Y16       BUFG (Prop_bufg_I_O)         0.096     3.526 r  clk_IBUF_BUFG_inst/O
                         net (fo=16, routed)          1.632     5.158    input_stage[1].ff_a/clk_IBUF_BUFG
    SLICE_X64Y33         FDCE                                         r  input_stage[1].ff_a/Q_reg/C
  -------------------------------------------------------------------    -------------------
    SLICE_X64Y33         FDCE (Prop_fdce_C_Q)         0.518     5.676 r  input_stage[1].ff_a/Q_reg/Q
                         net (fo=2, routed)           0.856     6.533    input_stage[0].ff_a/Q_reg_1[0]
    SLICE_X65Y33         LUT5 (Prop_lut5_I3_O)        0.152     6.685 r  input_stage[0].ff_a/Q_i_2__0/O
                         net (fo=3, routed)           0.584     7.269    input_stage[0].ff_a/Q_reg_0[0]
    SLICE_X65Y34         LUT5 (Prop_lut5_I0_O)        0.326     7.595 r  input_stage[0].ff_a/Q_i_2/O
                         net (fo=2, routed)           0.433     8.028    input_stage[0].ff_a/adder_core/p_0_in0_in[4]
    SLICE_X65Y34         LUT3 (Prop_lut3_I0_O)        0.124     8.152 r  input_stage[0].ff_a/Q_i_1/O
                         net (fo=1, routed)           0.000     8.152    ff_cout/Cout
    SLICE_X65Y34         FDCE                                         r  ff_cout/Q_reg/D
  -------------------------------------------------------------------    -------------------

                         (clock sys_clk_pin rise edge)
                                                     10.000    10.000 r  
    F14                                               0.000    10.000 r  clk (IN)
                         net (fo=0)                   0.000    10.000    clk
    F14                  IBUF (Prop_ibuf_I_O)         1.388    11.388 r  clk_IBUF_inst/O
                         net (fo=1, routed)           1.868    13.256    clk_IBUF
    BUFGCTRL_X0Y16       BUFG (Prop_bufg_I_O)         0.091    13.347 r  clk_IBUF_BUFG_inst/O
                         net (fo=16, routed)          1.516    14.863    ff_cout/clk_IBUF_BUFG
    SLICE_X65Y34         FDCE                                         r  ff_cout/Q_reg/C
                         clock pessimism              0.272    15.135    
                         clock uncertainty           -0.035    15.100    
    SLICE_X65Y34         FDCE (Setup_fdce_C_D)        0.029    15.129    ff_cout/Q_reg
  -------------------------------------------------------------------
                         required time                         15.129    
                         arrival time                          -8.152    
  -------------------------------------------------------------------
                         slack                                  6.977    

Slack (MET) :             6.997ns  (required time - arrival time)
  Source:                 input_stage[1].ff_a/Q_reg/C
                            (rising edge-triggered cell FDCE clocked by sys_clk_pin  {rise@0.000ns fall@5.000ns period=10.000ns})
  Destination:            output_sum_stage[4].ff_sum/Q_reg/D
                            (rising edge-triggered cell FDCE clocked by sys_clk_pin  {rise@0.000ns fall@5.000ns period=10.000ns})
  Path Group:             sys_clk_pin
  Path Type:              Setup (Max at Slow Process Corner)
  Requirement:            10.000ns  (sys_clk_pin rise@10.000ns - sys_clk_pin rise@0.000ns)
  Data Path Delay:        3.019ns  (logic 1.146ns (37.957%)  route 1.873ns (62.043%))
  Logic Levels:           3  (LUT3=1 LUT5=2)
  Clock Path Skew:        -0.023ns (DCD - SCD + CPR)
    Destination Clock Delay (DCD):    4.863ns = ( 14.863 - 10.000 ) 
    Source Clock Delay      (SCD):    5.158ns
    Clock Pessimism Removal (CPR):    0.272ns
  Clock Uncertainty:      0.035ns  ((TSJ^2 + TIJ^2)^1/2 + DJ) / 2 + PE
    Total System Jitter     (TSJ):    0.071ns
    Total Input Jitter      (TIJ):    0.000ns
    Discrete Jitter          (DJ):    0.000ns
    Phase Error              (PE):    0.000ns

    Location             Delay type                Incr(ns)  Path(ns)    Netlist Resource(s)
  -------------------------------------------------------------------    -------------------
                         (clock sys_clk_pin rise edge)
                                                      0.000     0.000 r  
    F14                                               0.000     0.000 r  clk (IN)
                         net (fo=0)                   0.000     0.000    clk
    F14                  IBUF (Prop_ibuf_I_O)         1.458     1.458 r  clk_IBUF_inst/O
                         net (fo=1, routed)           1.972     3.430    clk_IBUF
    BUFGCTRL_X0Y16       BUFG (Prop_bufg_I_O)         0.096     3.526 r  clk_IBUF_BUFG_inst/O
                         net (fo=16, routed)          1.632     5.158    input_stage[1].ff_a/clk_IBUF_BUFG
    SLICE_X64Y33         FDCE                                         r  input_stage[1].ff_a/Q_reg/C
  -------------------------------------------------------------------    -------------------
    SLICE_X64Y33         FDCE (Prop_fdce_C_Q)         0.518     5.676 r  input_stage[1].ff_a/Q_reg/Q
                         net (fo=2, routed)           0.856     6.533    input_stage[0].ff_a/Q_reg_1[0]
    SLICE_X65Y33         LUT5 (Prop_lut5_I3_O)        0.152     6.685 r  input_stage[0].ff_a/Q_i_2__0/O
                         net (fo=3, routed)           0.584     7.269    input_stage[0].ff_a/Q_reg_0[0]
    SLICE_X65Y34         LUT5 (Prop_lut5_I0_O)        0.326     7.595 r  input_stage[0].ff_a/Q_i_2/O
                         net (fo=2, routed)           0.433     8.028    input_stage[0].ff_a/adder_core/p_0_in0_in[4]
    SLICE_X65Y34         LUT3 (Prop_lut3_I0_O)        0.150     8.178 r  input_stage[0].ff_a/Q_i_1__0/O
                         net (fo=1, routed)           0.000     8.178    output_sum_stage[4].ff_sum/Sum_comb[0]
    SLICE_X65Y34         FDCE                                         r  output_sum_stage[4].ff_sum/Q_reg/D
  -------------------------------------------------------------------    -------------------

                         (clock sys_clk_pin rise edge)
                                                     10.000    10.000 r  
    F14                                               0.000    10.000 r  clk (IN)
                         net (fo=0)                   0.000    10.000    clk
    F14                  IBUF (Prop_ibuf_I_O)         1.388    11.388 r  clk_IBUF_inst/O
                         net (fo=1, routed)           1.868    13.256    clk_IBUF
    BUFGCTRL_X0Y16       BUFG (Prop_bufg_I_O)         0.091    13.347 r  clk_IBUF_BUFG_inst/O
                         net (fo=16, routed)          1.516    14.863    output_sum_stage[4].ff_sum/clk_IBUF_BUFG
    SLICE_X65Y34         FDCE                                         r  output_sum_stage[4].ff_sum/Q_reg/C
                         clock pessimism              0.272    15.135    
                         clock uncertainty           -0.035    15.100    
    SLICE_X65Y34         FDCE (Setup_fdce_C_D)        0.075    15.175    output_sum_stage[4].ff_sum/Q_reg
  -------------------------------------------------------------------
                         required time                         15.175    
                         arrival time                          -8.178    
  -------------------------------------------------------------------
                         slack                                  6.997    

Slack (MET) :             7.526ns  (required time - arrival time)
  Source:                 input_stage[1].ff_a/Q_reg/C
                            (rising edge-triggered cell FDCE clocked by sys_clk_pin  {rise@0.000ns fall@5.000ns period=10.000ns})
  Destination:            output_sum_stage[2].ff_sum/Q_reg/D
                            (rising edge-triggered cell FDCE clocked by sys_clk_pin  {rise@0.000ns fall@5.000ns period=10.000ns})
  Path Group:             sys_clk_pin
  Path Type:              Setup (Max at Slow Process Corner)
  Requirement:            10.000ns  (sys_clk_pin rise@10.000ns - sys_clk_pin rise@0.000ns)
  Data Path Delay:        2.462ns  (logic 1.022ns (41.506%)  route 1.440ns (58.494%))
  Logic Levels:           2  (LUT3=1 LUT5=1)
  Clock Path Skew:        -0.023ns (DCD - SCD + CPR)
    Destination Clock Delay (DCD):    4.863ns = ( 14.863 - 10.000 ) 
    Source Clock Delay      (SCD):    5.158ns
    Clock Pessimism Removal (CPR):    0.272ns
  Clock Uncertainty:      0.035ns  ((TSJ^2 + TIJ^2)^1/2 + DJ) / 2 + PE
    Total System Jitter     (TSJ):    0.071ns
    Total Input Jitter      (TIJ):    0.000ns
    Discrete Jitter          (DJ):    0.000ns
    Phase Error              (PE):    0.000ns

    Location             Delay type                Incr(ns)  Path(ns)    Netlist Resource(s)
  -------------------------------------------------------------------    -------------------
                         (clock sys_clk_pin rise edge)
                                                      0.000     0.000 r  
    F14                                               0.000     0.000 r  clk (IN)
                         net (fo=0)                   0.000     0.000    clk
    F14                  IBUF (Prop_ibuf_I_O)         1.458     1.458 r  clk_IBUF_inst/O
                         net (fo=1, routed)           1.972     3.430    clk_IBUF
    BUFGCTRL_X0Y16       BUFG (Prop_bufg_I_O)         0.096     3.526 r  clk_IBUF_BUFG_inst/O
                         net (fo=16, routed)          1.632     5.158    input_stage[1].ff_a/clk_IBUF_BUFG
    SLICE_X64Y33         FDCE                                         r  input_stage[1].ff_a/Q_reg/C
  -------------------------------------------------------------------    -------------------
    SLICE_X64Y33         FDCE (Prop_fdce_C_Q)         0.518     5.676 r  input_stage[1].ff_a/Q_reg/Q
                         net (fo=2, routed)           0.856     6.533    input_stage[0].ff_a/Q_reg_1[0]
    SLICE_X65Y33         LUT5 (Prop_lut5_I3_O)        0.152     6.685 r  input_stage[0].ff_a/Q_i_2__0/O
                         net (fo=3, routed)           0.584     7.269    input_stage[0].ff_a/Q_reg_0[0]
    SLICE_X65Y34         LUT3 (Prop_lut3_I0_O)        0.352     7.621 r  input_stage[0].ff_a/Q_i_1__2/O
                         net (fo=1, routed)           0.000     7.621    output_sum_stage[2].ff_sum/Sum_comb[0]
    SLICE_X65Y34         FDCE                                         r  output_sum_stage[2].ff_sum/Q_reg/D
  -------------------------------------------------------------------    -------------------

                         (clock sys_clk_pin rise edge)
                                                     10.000    10.000 r  
    F14                                               0.000    10.000 r  clk (IN)
                         net (fo=0)                   0.000    10.000    clk
    F14                  IBUF (Prop_ibuf_I_O)         1.388    11.388 r  clk_IBUF_inst/O
                         net (fo=1, routed)           1.868    13.256    clk_IBUF
    BUFGCTRL_X0Y16       BUFG (Prop_bufg_I_O)         0.091    13.347 r  clk_IBUF_BUFG_inst/O
                         net (fo=16, routed)          1.516    14.863    output_sum_stage[2].ff_sum/clk_IBUF_BUFG
    SLICE_X65Y34         FDCE                                         r  output_sum_stage[2].ff_sum/Q_reg/C
                         clock pessimism              0.272    15.135    
                         clock uncertainty           -0.035    15.100    
    SLICE_X65Y34         FDCE (Setup_fdce_C_D)        0.047    15.147    output_sum_stage[2].ff_sum/Q_reg
  -------------------------------------------------------------------
                         required time                         15.147    
                         arrival time                          -7.621    
  -------------------------------------------------------------------
                         slack                                  7.526    

Slack (MET) :             7.818ns  (required time - arrival time)
  Source:                 input_stage[1].ff_a/Q_reg/C
                            (rising edge-triggered cell FDCE clocked by sys_clk_pin  {rise@0.000ns fall@5.000ns period=10.000ns})
  Destination:            output_sum_stage[3].ff_sum/Q_reg/D
                            (rising edge-triggered cell FDCE clocked by sys_clk_pin  {rise@0.000ns fall@5.000ns period=10.000ns})
  Path Group:             sys_clk_pin
  Path Type:              Setup (Max at Slow Process Corner)
  Requirement:            10.000ns  (sys_clk_pin rise@10.000ns - sys_clk_pin rise@0.000ns)
  Data Path Delay:        2.154ns  (logic 0.996ns (46.233%)  route 1.158ns (53.767%))
  Logic Levels:           2  (LUT5=2)
  Clock Path Skew:        -0.023ns (DCD - SCD + CPR)
    Destination Clock Delay (DCD):    4.863ns = ( 14.863 - 10.000 ) 
    Source Clock Delay      (SCD):    5.158ns
    Clock Pessimism Removal (CPR):    0.272ns
  Clock Uncertainty:      0.035ns  ((TSJ^2 + TIJ^2)^1/2 + DJ) / 2 + PE
    Total System Jitter     (TSJ):    0.071ns
    Total Input Jitter      (TIJ):    0.000ns
    Discrete Jitter          (DJ):    0.000ns
    Phase Error              (PE):    0.000ns

    Location             Delay type                Incr(ns)  Path(ns)    Netlist Resource(s)
  -------------------------------------------------------------------    -------------------
                         (clock sys_clk_pin rise edge)
                                                      0.000     0.000 r  
    F14                                               0.000     0.000 r  clk (IN)
                         net (fo=0)                   0.000     0.000    clk
    F14                  IBUF (Prop_ibuf_I_O)         1.458     1.458 r  clk_IBUF_inst/O
                         net (fo=1, routed)           1.972     3.430    clk_IBUF
    BUFGCTRL_X0Y16       BUFG (Prop_bufg_I_O)         0.096     3.526 r  clk_IBUF_BUFG_inst/O
                         net (fo=16, routed)          1.632     5.158    input_stage[1].ff_a/clk_IBUF_BUFG
    SLICE_X64Y33         FDCE                                         r  input_stage[1].ff_a/Q_reg/C
  -------------------------------------------------------------------    -------------------
    SLICE_X64Y33         FDCE (Prop_fdce_C_Q)         0.518     5.676 r  input_stage[1].ff_a/Q_reg/Q
                         net (fo=2, routed)           0.856     6.533    input_stage[0].ff_a/Q_reg_1[0]
    SLICE_X65Y33         LUT5 (Prop_lut5_I3_O)        0.152     6.685 r  input_stage[0].ff_a/Q_i_2__0/O
                         net (fo=3, routed)           0.302     6.987    input_stage[2].ff_b/Q_reg_1[0]
    SLICE_X65Y34         LUT5 (Prop_lut5_I2_O)        0.326     7.313 r  input_stage[2].ff_b/Q_i_1__1/O
                         net (fo=1, routed)           0.000     7.313    output_sum_stage[3].ff_sum/Sum_comb[0]
    SLICE_X65Y34         FDCE                                         r  output_sum_stage[3].ff_sum/Q_reg/D
  -------------------------------------------------------------------    -------------------

                         (clock sys_clk_pin rise edge)
                                                     10.000    10.000 r  
    F14                                               0.000    10.000 r  clk (IN)
                         net (fo=0)                   0.000    10.000    clk
    F14                  IBUF (Prop_ibuf_I_O)         1.388    11.388 r  clk_IBUF_inst/O
                         net (fo=1, routed)           1.868    13.256    clk_IBUF
    BUFGCTRL_X0Y16       BUFG (Prop_bufg_I_O)         0.091    13.347 r  clk_IBUF_BUFG_inst/O
                         net (fo=16, routed)          1.516    14.863    output_sum_stage[3].ff_sum/clk_IBUF_BUFG
    SLICE_X65Y34         FDCE                                         r  output_sum_stage[3].ff_sum/Q_reg/C
                         clock pessimism              0.272    15.135    
                         clock uncertainty           -0.035    15.100    
    SLICE_X65Y34         FDCE (Setup_fdce_C_D)        0.031    15.131    output_sum_stage[3].ff_sum/Q_reg
  -------------------------------------------------------------------
                         required time                         15.131    
                         arrival time                          -7.313    
  -------------------------------------------------------------------
                         slack                                  7.818    

Slack (MET) :             8.316ns  (required time - arrival time)
  Source:                 input_stage[0].ff_b/Q_reg/C
                            (rising edge-triggered cell FDCE clocked by sys_clk_pin  {rise@0.000ns fall@5.000ns period=10.000ns})
  Destination:            output_sum_stage[0].ff_sum/Q_reg/D
                            (rising edge-triggered cell FDCE clocked by sys_clk_pin  {rise@0.000ns fall@5.000ns period=10.000ns})
  Path Group:             sys_clk_pin
  Path Type:              Setup (Max at Slow Process Corner)
  Requirement:            10.000ns  (sys_clk_pin rise@10.000ns - sys_clk_pin rise@0.000ns)
  Data Path Delay:        1.559ns  (logic 0.642ns (41.168%)  route 0.917ns (58.832%))
  Logic Levels:           1  (LUT3=1)
  Clock Path Skew:        -0.022ns (DCD - SCD + CPR)
    Destination Clock Delay (DCD):    4.864ns = ( 14.864 - 10.000 ) 
    Source Clock Delay      (SCD):    5.158ns
    Clock Pessimism Removal (CPR):    0.272ns
  Clock Uncertainty:      0.035ns  ((TSJ^2 + TIJ^2)^1/2 + DJ) / 2 + PE
    Total System Jitter     (TSJ):    0.071ns
    Total Input Jitter      (TIJ):    0.000ns
    Discrete Jitter          (DJ):    0.000ns
    Phase Error              (PE):    0.000ns

    Location             Delay type                Incr(ns)  Path(ns)    Netlist Resource(s)
  -------------------------------------------------------------------    -------------------
                         (clock sys_clk_pin rise edge)
                                                      0.000     0.000 r  
    F14                                               0.000     0.000 r  clk (IN)
                         net (fo=0)                   0.000     0.000    clk
    F14                  IBUF (Prop_ibuf_I_O)         1.458     1.458 r  clk_IBUF_inst/O
                         net (fo=1, routed)           1.972     3.430    clk_IBUF
    BUFGCTRL_X0Y16       BUFG (Prop_bufg_I_O)         0.096     3.526 r  clk_IBUF_BUFG_inst/O
                         net (fo=16, routed)          1.632     5.158    input_stage[0].ff_b/clk_IBUF_BUFG
    SLICE_X64Y33         FDCE                                         r  input_stage[0].ff_b/Q_reg/C
  -------------------------------------------------------------------    -------------------
    SLICE_X64Y33         FDCE (Prop_fdce_C_Q)         0.518     5.676 r  input_stage[0].ff_b/Q_reg/Q
                         net (fo=3, routed)           0.444     6.121    input_stage[0].ff_a/B_reg[0]
    SLICE_X65Y33         LUT3 (Prop_lut3_I2_O)        0.124     6.245 r  input_stage[0].ff_a/Q_i_1__4/O
                         net (fo=1, routed)           0.473     6.718    output_sum_stage[0].ff_sum/Sum_comb[0]
    SLICE_X65Y36         FDCE                                         r  output_sum_stage[0].ff_sum/Q_reg/D
  -------------------------------------------------------------------    -------------------

                         (clock sys_clk_pin rise edge)
                                                     10.000    10.000 r  
    F14                                               0.000    10.000 r  clk (IN)
                         net (fo=0)                   0.000    10.000    clk
    F14                  IBUF (Prop_ibuf_I_O)         1.388    11.388 r  clk_IBUF_inst/O
                         net (fo=1, routed)           1.868    13.256    clk_IBUF
    BUFGCTRL_X0Y16       BUFG (Prop_bufg_I_O)         0.091    13.347 r  clk_IBUF_BUFG_inst/O
                         net (fo=16, routed)          1.517    14.864    output_sum_stage[0].ff_sum/clk_IBUF_BUFG
    SLICE_X65Y36         FDCE                                         r  output_sum_stage[0].ff_sum/Q_reg/C
                         clock pessimism              0.272    15.136    
                         clock uncertainty           -0.035    15.101    
    SLICE_X65Y36         FDCE (Setup_fdce_C_D)       -0.067    15.034    output_sum_stage[0].ff_sum/Q_reg
  -------------------------------------------------------------------
                         required time                         15.034    
                         arrival time                          -6.718    
  -------------------------------------------------------------------
                         slack                                  8.316    

Slack (MET) :             8.653ns  (required time - arrival time)
  Source:                 input_stage[1].ff_b/Q_reg/C
                            (rising edge-triggered cell FDCE clocked by sys_clk_pin  {rise@0.000ns fall@5.000ns period=10.000ns})
  Destination:            output_sum_stage[1].ff_sum/Q_reg/D
                            (rising edge-triggered cell FDCE clocked by sys_clk_pin  {rise@0.000ns fall@5.000ns period=10.000ns})
  Path Group:             sys_clk_pin
  Path Type:              Setup (Max at Slow Process Corner)
  Requirement:            10.000ns  (sys_clk_pin rise@10.000ns - sys_clk_pin rise@0.000ns)
  Data Path Delay:        1.320ns  (logic 0.642ns (48.629%)  route 0.678ns (51.371%))
  Logic Levels:           1  (LUT5=1)
  Clock Path Skew:        -0.022ns (DCD - SCD + CPR)
    Destination Clock Delay (DCD):    4.862ns = ( 14.862 - 10.000 ) 
    Source Clock Delay      (SCD):    5.158ns
    Clock Pessimism Removal (CPR):    0.274ns
  Clock Uncertainty:      0.035ns  ((TSJ^2 + TIJ^2)^1/2 + DJ) / 2 + PE
    Total System Jitter     (TSJ):    0.071ns
    Total Input Jitter      (TIJ):    0.000ns
    Discrete Jitter          (DJ):    0.000ns
    Phase Error              (PE):    0.000ns

    Location             Delay type                Incr(ns)  Path(ns)    Netlist Resource(s)
  -------------------------------------------------------------------    -------------------
                         (clock sys_clk_pin rise edge)
                                                      0.000     0.000 r  
    F14                                               0.000     0.000 r  clk (IN)
                         net (fo=0)                   0.000     0.000    clk
    F14                  IBUF (Prop_ibuf_I_O)         1.458     1.458 r  clk_IBUF_inst/O
                         net (fo=1, routed)           1.972     3.430    clk_IBUF
    BUFGCTRL_X0Y16       BUFG (Prop_bufg_I_O)         0.096     3.526 r  clk_IBUF_BUFG_inst/O
                         net (fo=16, routed)          1.632     5.158    input_stage[1].ff_b/clk_IBUF_BUFG
    SLICE_X64Y33         FDCE                                         r  input_stage[1].ff_b/Q_reg/C
  -------------------------------------------------------------------    -------------------
    SLICE_X64Y33         FDCE (Prop_fdce_C_Q)         0.518     5.676 r  input_stage[1].ff_b/Q_reg/Q
                         net (fo=2, routed)           0.678     6.355    input_stage[1].ff_b/B_reg[0]
    SLICE_X65Y33         LUT5 (Prop_lut5_I0_O)        0.124     6.479 r  input_stage[1].ff_b/Q_i_1__3/O
                         net (fo=1, routed)           0.000     6.479    output_sum_stage[1].ff_sum/Sum_comb[0]
    SLICE_X65Y33         FDCE                                         r  output_sum_stage[1].ff_sum/Q_reg/D
  -------------------------------------------------------------------    -------------------

                         (clock sys_clk_pin rise edge)
                                                     10.000    10.000 r  
    F14                                               0.000    10.000 r  clk (IN)
                         net (fo=0)                   0.000    10.000    clk
    F14                  IBUF (Prop_ibuf_I_O)         1.388    11.388 r  clk_IBUF_inst/O
                         net (fo=1, routed)           1.868    13.256    clk_IBUF
    BUFGCTRL_X0Y16       BUFG (Prop_bufg_I_O)         0.091    13.347 r  clk_IBUF_BUFG_inst/O
                         net (fo=16, routed)          1.515    14.862    output_sum_stage[1].ff_sum/clk_IBUF_BUFG
    SLICE_X65Y33         FDCE                                         r  output_sum_stage[1].ff_sum/Q_reg/C
                         clock pessimism              0.274    15.136    
                         clock uncertainty           -0.035    15.101    
    SLICE_X65Y33         FDCE (Setup_fdce_C_D)        0.031    15.132    output_sum_stage[1].ff_sum/Q_reg
  -------------------------------------------------------------------
                         required time                         15.132    
                         arrival time                          -6.479    
  -------------------------------------------------------------------
                         slack                                  8.653    





Min Delay Paths
--------------------------------------------------------------------------------------
Slack (MET) :             0.165ns  (arrival time - required time)
  Source:                 input_stage[1].ff_a/Q_reg/C
                            (rising edge-triggered cell FDCE clocked by sys_clk_pin  {rise@0.000ns fall@5.000ns period=10.000ns})
  Destination:            output_sum_stage[1].ff_sum/Q_reg/D
                            (rising edge-triggered cell FDCE clocked by sys_clk_pin  {rise@0.000ns fall@5.000ns period=10.000ns})
  Path Group:             sys_clk_pin
  Path Type:              Hold (Min at Fast Process Corner)
  Requirement:            0.000ns  (sys_clk_pin rise@0.000ns - sys_clk_pin rise@0.000ns)
  Data Path Delay:        0.270ns  (logic 0.209ns (77.407%)  route 0.061ns (22.593%))
  Logic Levels:           1  (LUT5=1)
  Clock Path Skew:        0.013ns (DCD - SCD - CPR)
    Destination Clock Delay (DCD):    1.992ns
    Source Clock Delay      (SCD):    1.478ns
    Clock Pessimism Removal (CPR):    0.501ns

    Location             Delay type                Incr(ns)  Path(ns)    Netlist Resource(s)
  -------------------------------------------------------------------    -------------------
                         (clock sys_clk_pin rise edge)
                                                      0.000     0.000 r  
    F14                                               0.000     0.000 r  clk (IN)
                         net (fo=0)                   0.000     0.000    clk
    F14                  IBUF (Prop_ibuf_I_O)         0.226     0.226 r  clk_IBUF_inst/O
                         net (fo=1, routed)           0.634     0.861    clk_IBUF
    BUFGCTRL_X0Y16       BUFG (Prop_bufg_I_O)         0.026     0.887 r  clk_IBUF_BUFG_inst/O
                         net (fo=16, routed)          0.592     1.478    input_stage[1].ff_a/clk_IBUF_BUFG
    SLICE_X64Y33         FDCE                                         r  input_stage[1].ff_a/Q_reg/C
  -------------------------------------------------------------------    -------------------
    SLICE_X64Y33         FDCE (Prop_fdce_C_Q)         0.164     1.642 r  input_stage[1].ff_a/Q_reg/Q
                         net (fo=2, routed)           0.061     1.703    input_stage[1].ff_b/A_reg[1]
    SLICE_X65Y33         LUT5 (Prop_lut5_I1_O)        0.045     1.748 r  input_stage[1].ff_b/Q_i_1__3/O
                         net (fo=1, routed)           0.000     1.748    output_sum_stage[1].ff_sum/Sum_comb[0]
    SLICE_X65Y33         FDCE                                         r  output_sum_stage[1].ff_sum/Q_reg/D
  -------------------------------------------------------------------    -------------------

                         (clock sys_clk_pin rise edge)
                                                      0.000     0.000 r  
    F14                                               0.000     0.000 r  clk (IN)
                         net (fo=0)                   0.000     0.000    clk
    F14                  IBUF (Prop_ibuf_I_O)         0.414     0.414 r  clk_IBUF_inst/O
                         net (fo=1, routed)           0.689     1.103    clk_IBUF
    BUFGCTRL_X0Y16       BUFG (Prop_bufg_I_O)         0.029     1.132 r  clk_IBUF_BUFG_inst/O
                         net (fo=16, routed)          0.861     1.992    output_sum_stage[1].ff_sum/clk_IBUF_BUFG
    SLICE_X65Y33         FDCE                                         r  output_sum_stage[1].ff_sum/Q_reg/C
                         clock pessimism             -0.501     1.491    
    SLICE_X65Y33         FDCE (Hold_fdce_C_D)         0.092     1.583    output_sum_stage[1].ff_sum/Q_reg
  -------------------------------------------------------------------
                         required time                         -1.583    
                         arrival time                           1.748    
  -------------------------------------------------------------------
                         slack                                  0.165    

Slack (MET) :             0.280ns  (arrival time - required time)
  Source:                 input_stage[3].ff_a/Q_reg/C
                            (rising edge-triggered cell FDCE clocked by sys_clk_pin  {rise@0.000ns fall@5.000ns period=10.000ns})
  Destination:            output_sum_stage[3].ff_sum/Q_reg/D
                            (rising edge-triggered cell FDCE clocked by sys_clk_pin  {rise@0.000ns fall@5.000ns period=10.000ns})
  Path Group:             sys_clk_pin
  Path Type:              Hold (Min at Fast Process Corner)
  Requirement:            0.000ns  (sys_clk_pin rise@0.000ns - sys_clk_pin rise@0.000ns)
  Data Path Delay:        0.387ns  (logic 0.186ns (48.057%)  route 0.201ns (51.943%))
  Logic Levels:           1  (LUT5=1)
  Clock Path Skew:        0.015ns (DCD - SCD - CPR)
    Destination Clock Delay (DCD):    1.993ns
    Source Clock Delay      (SCD):    1.478ns
    Clock Pessimism Removal (CPR):    0.500ns

    Location             Delay type                Incr(ns)  Path(ns)    Netlist Resource(s)
  -------------------------------------------------------------------    -------------------
                         (clock sys_clk_pin rise edge)
                                                      0.000     0.000 r  
    F14                                               0.000     0.000 r  clk (IN)
                         net (fo=0)                   0.000     0.000    clk
    F14                  IBUF (Prop_ibuf_I_O)         0.226     0.226 r  clk_IBUF_inst/O
                         net (fo=1, routed)           0.634     0.861    clk_IBUF
    BUFGCTRL_X0Y16       BUFG (Prop_bufg_I_O)         0.026     0.887 r  clk_IBUF_BUFG_inst/O
                         net (fo=16, routed)          0.592     1.478    input_stage[3].ff_a/clk_IBUF_BUFG
    SLICE_X65Y33         FDCE                                         r  input_stage[3].ff_a/Q_reg/C
  -------------------------------------------------------------------    -------------------
    SLICE_X65Y33         FDCE (Prop_fdce_C_Q)         0.141     1.619 r  input_stage[3].ff_a/Q_reg/Q
                         net (fo=2, routed)           0.201     1.820    input_stage[2].ff_b/Q_reg_0[1]
    SLICE_X65Y34         LUT5 (Prop_lut5_I3_O)        0.045     1.865 r  input_stage[2].ff_b/Q_i_1__1/O
                         net (fo=1, routed)           0.000     1.865    output_sum_stage[3].ff_sum/Sum_comb[0]
    SLICE_X65Y34         FDCE                                         r  output_sum_stage[3].ff_sum/Q_reg/D
  -------------------------------------------------------------------    -------------------

                         (clock sys_clk_pin rise edge)
                                                      0.000     0.000 r  
    F14                                               0.000     0.000 r  clk (IN)
                         net (fo=0)                   0.000     0.000    clk
    F14                  IBUF (Prop_ibuf_I_O)         0.414     0.414 r  clk_IBUF_inst/O
                         net (fo=1, routed)           0.689     1.103    clk_IBUF
    BUFGCTRL_X0Y16       BUFG (Prop_bufg_I_O)         0.029     1.132 r  clk_IBUF_BUFG_inst/O
                         net (fo=16, routed)          0.862     1.993    output_sum_stage[3].ff_sum/clk_IBUF_BUFG
    SLICE_X65Y34         FDCE                                         r  output_sum_stage[3].ff_sum/Q_reg/C
                         clock pessimism             -0.500     1.493    
    SLICE_X65Y34         FDCE (Hold_fdce_C_D)         0.092     1.585    output_sum_stage[3].ff_sum/Q_reg
  -------------------------------------------------------------------
                         required time                         -1.585    
                         arrival time                           1.865    
  -------------------------------------------------------------------
                         slack                                  0.280    

Slack (MET) :             0.289ns  (arrival time - required time)
  Source:                 input_stage[2].ff_a/Q_reg/C
                            (rising edge-triggered cell FDCE clocked by sys_clk_pin  {rise@0.000ns fall@5.000ns period=10.000ns})
  Destination:            output_sum_stage[2].ff_sum/Q_reg/D
                            (rising edge-triggered cell FDCE clocked by sys_clk_pin  {rise@0.000ns fall@5.000ns period=10.000ns})
  Path Group:             sys_clk_pin
  Path Type:              Hold (Min at Fast Process Corner)
  Requirement:            0.000ns  (sys_clk_pin rise@0.000ns - sys_clk_pin rise@0.000ns)
  Data Path Delay:        0.408ns  (logic 0.184ns (45.093%)  route 0.224ns (54.907%))
  Logic Levels:           1  (LUT3=1)
  Clock Path Skew:        0.015ns (DCD - SCD - CPR)
    Destination Clock Delay (DCD):    1.993ns
    Source Clock Delay      (SCD):    1.478ns
    Clock Pessimism Removal (CPR):    0.500ns

    Location             Delay type                Incr(ns)  Path(ns)    Netlist Resource(s)
  -------------------------------------------------------------------    -------------------
                         (clock sys_clk_pin rise edge)
                                                      0.000     0.000 r  
    F14                                               0.000     0.000 r  clk (IN)
                         net (fo=0)                   0.000     0.000    clk
    F14                  IBUF (Prop_ibuf_I_O)         0.226     0.226 r  clk_IBUF_inst/O
                         net (fo=1, routed)           0.634     0.861    clk_IBUF
    BUFGCTRL_X0Y16       BUFG (Prop_bufg_I_O)         0.026     0.887 r  clk_IBUF_BUFG_inst/O
                         net (fo=16, routed)          0.592     1.478    input_stage[2].ff_a/clk_IBUF_BUFG
    SLICE_X65Y33         FDCE                                         r  input_stage[2].ff_a/Q_reg/C
  -------------------------------------------------------------------    -------------------
    SLICE_X65Y33         FDCE (Prop_fdce_C_Q)         0.141     1.619 r  input_stage[2].ff_a/Q_reg/Q
                         net (fo=3, routed)           0.224     1.843    input_stage[0].ff_a/Q_reg_1[1]
    SLICE_X65Y34         LUT3 (Prop_lut3_I1_O)        0.043     1.886 r  input_stage[0].ff_a/Q_i_1__2/O
                         net (fo=1, routed)           0.000     1.886    output_sum_stage[2].ff_sum/Sum_comb[0]
    SLICE_X65Y34         FDCE                                         r  output_sum_stage[2].ff_sum/Q_reg/D
  -------------------------------------------------------------------    -------------------

                         (clock sys_clk_pin rise edge)
                                                      0.000     0.000 r  
    F14                                               0.000     0.000 r  clk (IN)
                         net (fo=0)                   0.000     0.000    clk
    F14                  IBUF (Prop_ibuf_I_O)         0.414     0.414 r  clk_IBUF_inst/O
                         net (fo=1, routed)           0.689     1.103    clk_IBUF
    BUFGCTRL_X0Y16       BUFG (Prop_bufg_I_O)         0.029     1.132 r  clk_IBUF_BUFG_inst/O
                         net (fo=16, routed)          0.862     1.993    output_sum_stage[2].ff_sum/clk_IBUF_BUFG
    SLICE_X65Y34         FDCE                                         r  output_sum_stage[2].ff_sum/Q_reg/C
                         clock pessimism             -0.500     1.493    
    SLICE_X65Y34         FDCE (Hold_fdce_C_D)         0.104     1.597    output_sum_stage[2].ff_sum/Q_reg
  -------------------------------------------------------------------
                         required time                         -1.597    
                         arrival time                           1.886    
  -------------------------------------------------------------------
                         slack                                  0.289    

Slack (MET) :             0.302ns  (arrival time - required time)
  Source:                 input_stage[4].ff_a/Q_reg/C
                            (rising edge-triggered cell FDCE clocked by sys_clk_pin  {rise@0.000ns fall@5.000ns period=10.000ns})
  Destination:            output_sum_stage[4].ff_sum/Q_reg/D
                            (rising edge-triggered cell FDCE clocked by sys_clk_pin  {rise@0.000ns fall@5.000ns period=10.000ns})
  Path Group:             sys_clk_pin
  Path Type:              Hold (Min at Fast Process Corner)
  Requirement:            0.000ns  (sys_clk_pin rise@0.000ns - sys_clk_pin rise@0.000ns)
  Data Path Delay:        0.422ns  (logic 0.206ns (48.771%)  route 0.216ns (51.229%))
  Logic Levels:           1  (LUT3=1)
  Clock Path Skew:        0.013ns (DCD - SCD - CPR)
    Destination Clock Delay (DCD):    1.993ns
    Source Clock Delay      (SCD):    1.479ns
    Clock Pessimism Removal (CPR):    0.501ns

    Location             Delay type                Incr(ns)  Path(ns)    Netlist Resource(s)
  -------------------------------------------------------------------    -------------------
                         (clock sys_clk_pin rise edge)
                                                      0.000     0.000 r  
    F14                                               0.000     0.000 r  clk (IN)
                         net (fo=0)                   0.000     0.000    clk
    F14                  IBUF (Prop_ibuf_I_O)         0.226     0.226 r  clk_IBUF_inst/O
                         net (fo=1, routed)           0.634     0.861    clk_IBUF
    BUFGCTRL_X0Y16       BUFG (Prop_bufg_I_O)         0.026     0.887 r  clk_IBUF_BUFG_inst/O
                         net (fo=16, routed)          0.593     1.479    input_stage[4].ff_a/clk_IBUF_BUFG
    SLICE_X64Y34         FDCE                                         r  input_stage[4].ff_a/Q_reg/C
  -------------------------------------------------------------------    -------------------
    SLICE_X64Y34         FDCE (Prop_fdce_C_Q)         0.164     1.643 r  input_stage[4].ff_a/Q_reg/Q
                         net (fo=2, routed)           0.216     1.860    input_stage[0].ff_a/Q_reg_1[3]
    SLICE_X65Y34         LUT3 (Prop_lut3_I1_O)        0.042     1.902 r  input_stage[0].ff_a/Q_i_1__0/O
                         net (fo=1, routed)           0.000     1.902    output_sum_stage[4].ff_sum/Sum_comb[0]
    SLICE_X65Y34         FDCE                                         r  output_sum_stage[4].ff_sum/Q_reg/D
  -------------------------------------------------------------------    -------------------

                         (clock sys_clk_pin rise edge)
                                                      0.000     0.000 r  
    F14                                               0.000     0.000 r  clk (IN)
                         net (fo=0)                   0.000     0.000    clk
    F14                  IBUF (Prop_ibuf_I_O)         0.414     0.414 r  clk_IBUF_inst/O
                         net (fo=1, routed)           0.689     1.103    clk_IBUF
    BUFGCTRL_X0Y16       BUFG (Prop_bufg_I_O)         0.029     1.132 r  clk_IBUF_BUFG_inst/O
                         net (fo=16, routed)          0.862     1.993    output_sum_stage[4].ff_sum/clk_IBUF_BUFG
    SLICE_X65Y34         FDCE                                         r  output_sum_stage[4].ff_sum/Q_reg/C
                         clock pessimism             -0.501     1.492    
    SLICE_X65Y34         FDCE (Hold_fdce_C_D)         0.107     1.599    output_sum_stage[4].ff_sum/Q_reg
  -------------------------------------------------------------------
                         required time                         -1.599    
                         arrival time                           1.902    
  -------------------------------------------------------------------
                         slack                                  0.302    

Slack (MET) :             0.321ns  (arrival time - required time)
  Source:                 input_stage[4].ff_a/Q_reg/C
                            (rising edge-triggered cell FDCE clocked by sys_clk_pin  {rise@0.000ns fall@5.000ns period=10.000ns})
  Destination:            ff_cout/Q_reg/D
                            (rising edge-triggered cell FDCE clocked by sys_clk_pin  {rise@0.000ns fall@5.000ns period=10.000ns})
  Path Group:             sys_clk_pin
  Path Type:              Hold (Min at Fast Process Corner)
  Requirement:            0.000ns  (sys_clk_pin rise@0.000ns - sys_clk_pin rise@0.000ns)
  Data Path Delay:        0.425ns  (logic 0.209ns (49.133%)  route 0.216ns (50.867%))
  Logic Levels:           1  (LUT3=1)
  Clock Path Skew:        0.013ns (DCD - SCD - CPR)
    Destination Clock Delay (DCD):    1.993ns
    Source Clock Delay      (SCD):    1.479ns
    Clock Pessimism Removal (CPR):    0.501ns

    Location             Delay type                Incr(ns)  Path(ns)    Netlist Resource(s)
  -------------------------------------------------------------------    -------------------
                         (clock sys_clk_pin rise edge)
                                                      0.000     0.000 r  
    F14                                               0.000     0.000 r  clk (IN)
                         net (fo=0)                   0.000     0.000    clk
    F14                  IBUF (Prop_ibuf_I_O)         0.226     0.226 r  clk_IBUF_inst/O
                         net (fo=1, routed)           0.634     0.861    clk_IBUF
    BUFGCTRL_X0Y16       BUFG (Prop_bufg_I_O)         0.026     0.887 r  clk_IBUF_BUFG_inst/O
                         net (fo=16, routed)          0.593     1.479    input_stage[4].ff_a/clk_IBUF_BUFG
    SLICE_X64Y34         FDCE                                         r  input_stage[4].ff_a/Q_reg/C
  -------------------------------------------------------------------    -------------------
    SLICE_X64Y34         FDCE (Prop_fdce_C_Q)         0.164     1.643 r  input_stage[4].ff_a/Q_reg/Q
                         net (fo=2, routed)           0.216     1.860    input_stage[0].ff_a/Q_reg_1[3]
    SLICE_X65Y34         LUT3 (Prop_lut3_I1_O)        0.045     1.905 r  input_stage[0].ff_a/Q_i_1/O
                         net (fo=1, routed)           0.000     1.905    ff_cout/Cout
    SLICE_X65Y34         FDCE                                         r  ff_cout/Q_reg/D
  -------------------------------------------------------------------    -------------------

                         (clock sys_clk_pin rise edge)
                                                      0.000     0.000 r  
    F14                                               0.000     0.000 r  clk (IN)
                         net (fo=0)                   0.000     0.000    clk
    F14                  IBUF (Prop_ibuf_I_O)         0.414     0.414 r  clk_IBUF_inst/O
                         net (fo=1, routed)           0.689     1.103    clk_IBUF
    BUFGCTRL_X0Y16       BUFG (Prop_bufg_I_O)         0.029     1.132 r  clk_IBUF_BUFG_inst/O
                         net (fo=16, routed)          0.862     1.993    ff_cout/clk_IBUF_BUFG
    SLICE_X65Y34         FDCE                                         r  ff_cout/Q_reg/C
                         clock pessimism             -0.501     1.492    
    SLICE_X65Y34         FDCE (Hold_fdce_C_D)         0.091     1.583    ff_cout/Q_reg
  -------------------------------------------------------------------
                         required time                         -1.583    
                         arrival time                           1.905    
  -------------------------------------------------------------------
                         slack                                  0.321    

Slack (MET) :             0.387ns  (arrival time - required time)
  Source:                 input_stage[0].ff_a/Q_reg/C
                            (rising edge-triggered cell FDCE clocked by sys_clk_pin  {rise@0.000ns fall@5.000ns period=10.000ns})
  Destination:            output_sum_stage[0].ff_sum/Q_reg/D
                            (rising edge-triggered cell FDCE clocked by sys_clk_pin  {rise@0.000ns fall@5.000ns period=10.000ns})
  Path Group:             sys_clk_pin
  Path Type:              Hold (Min at Fast Process Corner)
  Requirement:            0.000ns  (sys_clk_pin rise@0.000ns - sys_clk_pin rise@0.000ns)
  Data Path Delay:        0.473ns  (logic 0.209ns (44.141%)  route 0.264ns (55.859%))
  Logic Levels:           1  (LUT3=1)
  Clock Path Skew:        0.016ns (DCD - SCD - CPR)
    Destination Clock Delay (DCD):    1.994ns
    Source Clock Delay      (SCD):    1.478ns
    Clock Pessimism Removal (CPR):    0.500ns

    Location             Delay type                Incr(ns)  Path(ns)    Netlist Resource(s)
  -------------------------------------------------------------------    -------------------
                         (clock sys_clk_pin rise edge)
                                                      0.000     0.000 r  
    F14                                               0.000     0.000 r  clk (IN)
                         net (fo=0)                   0.000     0.000    clk
    F14                  IBUF (Prop_ibuf_I_O)         0.226     0.226 r  clk_IBUF_inst/O
                         net (fo=1, routed)           0.634     0.861    clk_IBUF
    BUFGCTRL_X0Y16       BUFG (Prop_bufg_I_O)         0.026     0.887 r  clk_IBUF_BUFG_inst/O
                         net (fo=16, routed)          0.592     1.478    input_stage[0].ff_a/clk_IBUF_BUFG
    SLICE_X64Y33         FDCE                                         r  input_stage[0].ff_a/Q_reg/C
  -------------------------------------------------------------------    -------------------
    SLICE_X64Y33         FDCE (Prop_fdce_C_Q)         0.164     1.642 r  input_stage[0].ff_a/Q_reg/Q
                         net (fo=3, routed)           0.093     1.735    input_stage[0].ff_a/A_reg[0]
    SLICE_X65Y33         LUT3 (Prop_lut3_I1_O)        0.045     1.780 r  input_stage[0].ff_a/Q_i_1__4/O
                         net (fo=1, routed)           0.171     1.952    output_sum_stage[0].ff_sum/Sum_comb[0]
    SLICE_X65Y36         FDCE                                         r  output_sum_stage[0].ff_sum/Q_reg/D
  -------------------------------------------------------------------    -------------------

                         (clock sys_clk_pin rise edge)
                                                      0.000     0.000 r  
    F14                                               0.000     0.000 r  clk (IN)
                         net (fo=0)                   0.000     0.000    clk
    F14                  IBUF (Prop_ibuf_I_O)         0.414     0.414 r  clk_IBUF_inst/O
                         net (fo=1, routed)           0.689     1.103    clk_IBUF
    BUFGCTRL_X0Y16       BUFG (Prop_bufg_I_O)         0.029     1.132 r  clk_IBUF_BUFG_inst/O
                         net (fo=16, routed)          0.863     1.994    output_sum_stage[0].ff_sum/clk_IBUF_BUFG
    SLICE_X65Y36         FDCE                                         r  output_sum_stage[0].ff_sum/Q_reg/C
                         clock pessimism             -0.500     1.494    
    SLICE_X65Y36         FDCE (Hold_fdce_C_D)         0.070     1.564    output_sum_stage[0].ff_sum/Q_reg
  -------------------------------------------------------------------
                         required time                         -1.564    
                         arrival time                           1.952    
  -------------------------------------------------------------------
                         slack                                  0.387    





Pulse Width Checks
--------------------------------------------------------------------------------------
Clock Name:         sys_clk_pin
Waveform(ns):       { 0.000 5.000 }
Period(ns):         10.000
Sources:            { clk }

Check Type        Corner  Lib Pin  Reference Pin  Required(ns)  Actual(ns)  Slack(ns)  Location        Pin
Min Period        n/a     BUFG/I   n/a            2.155         10.000      7.845      BUFGCTRL_X0Y16  clk_IBUF_BUFG_inst/I
Min Period        n/a     FDCE/C   n/a            1.000         10.000      9.000      SLICE_X65Y34    ff_cout/Q_reg/C
Min Period        n/a     FDCE/C   n/a            1.000         10.000      9.000      SLICE_X64Y33    input_stage[0].ff_a/Q_reg/C
Min Period        n/a     FDCE/C   n/a            1.000         10.000      9.000      SLICE_X64Y33    input_stage[0].ff_b/Q_reg/C
Min Period        n/a     FDCE/C   n/a            1.000         10.000      9.000      SLICE_X64Y33    input_stage[1].ff_a/Q_reg/C
Min Period        n/a     FDCE/C   n/a            1.000         10.000      9.000      SLICE_X64Y33    input_stage[1].ff_b/Q_reg/C
Min Period        n/a     FDCE/C   n/a            1.000         10.000      9.000      SLICE_X65Y33    input_stage[2].ff_a/Q_reg/C
Min Period        n/a     FDCE/C   n/a            1.000         10.000      9.000      SLICE_X65Y33    input_stage[2].ff_b/Q_reg/C
Min Period        n/a     FDCE/C   n/a            1.000         10.000      9.000      SLICE_X65Y33    input_stage[3].ff_a/Q_reg/C
Min Period        n/a     FDCE/C   n/a            1.000         10.000      9.000      SLICE_X64Y34    input_stage[3].ff_b/Q_reg/C
Low Pulse Width   Fast    FDCE/C   n/a            0.500         5.000       4.500      SLICE_X65Y34    ff_cout/Q_reg/C
Low Pulse Width   Fast    FDCE/C   n/a            0.500         5.000       4.500      SLICE_X64Y33    input_stage[0].ff_a/Q_reg/C
Low Pulse Width   Fast    FDCE/C   n/a            0.500         5.000       4.500      SLICE_X64Y33    input_stage[0].ff_b/Q_reg/C
Low Pulse Width   Fast    FDCE/C   n/a            0.500         5.000       4.500      SLICE_X64Y33    input_stage[1].ff_a/Q_reg/C
Low Pulse Width   Fast    FDCE/C   n/a            0.500         5.000       4.500      SLICE_X64Y33    input_stage[1].ff_b/Q_reg/C
Low Pulse Width   Fast    FDCE/C   n/a            0.500         5.000       4.500      SLICE_X65Y33    input_stage[2].ff_a/Q_reg/C
Low Pulse Width   Fast    FDCE/C   n/a            0.500         5.000       4.500      SLICE_X65Y33    input_stage[2].ff_b/Q_reg/C
Low Pulse Width   Fast    FDCE/C   n/a            0.500         5.000       4.500      SLICE_X65Y33    input_stage[3].ff_a/Q_reg/C
Low Pulse Width   Fast    FDCE/C   n/a            0.500         5.000       4.500      SLICE_X64Y34    input_stage[3].ff_b/Q_reg/C
Low Pulse Width   Fast    FDCE/C   n/a            0.500         5.000       4.500      SLICE_X64Y34    input_stage[4].ff_a/Q_reg/C
High Pulse Width  Slow    FDCE/C   n/a            0.500         5.000       4.500      SLICE_X65Y34    ff_cout/Q_reg/C
High Pulse Width  Slow    FDCE/C   n/a            0.500         5.000       4.500      SLICE_X64Y33    input_stage[0].ff_a/Q_reg/C
High Pulse Width  Slow    FDCE/C   n/a            0.500         5.000       4.500      SLICE_X64Y33    input_stage[0].ff_b/Q_reg/C
High Pulse Width  Slow    FDCE/C   n/a            0.500         5.000       4.500      SLICE_X64Y33    input_stage[1].ff_a/Q_reg/C
High Pulse Width  Slow    FDCE/C   n/a            0.500         5.000       4.500      SLICE_X64Y33    input_stage[1].ff_b/Q_reg/C
High Pulse Width  Slow    FDCE/C   n/a            0.500         5.000       4.500      SLICE_X65Y33    input_stage[2].ff_a/Q_reg/C
High Pulse Width  Slow    FDCE/C   n/a            0.500         5.000       4.500      SLICE_X65Y33    input_stage[2].ff_b/Q_reg/C
High Pulse Width  Slow    FDCE/C   n/a            0.500         5.000       4.500      SLICE_X65Y33    input_stage[3].ff_a/Q_reg/C
High Pulse Width  Slow    FDCE/C   n/a            0.500         5.000       4.500      SLICE_X64Y34    input_stage[3].ff_b/Q_reg/C
High Pulse Width  Slow    FDCE/C   n/a            0.500         5.000       4.500      SLICE_X64Y34    input_stage[4].ff_a/Q_reg/C



