
*** Running vivado
    with args -log cla_adder_top.vds -m64 -product Vivado -mode batch -messageDb vivado.pb -notrace -source cla_adder_top.tcl


****** Vivado v2019.2 (64-bit)
  **** SW Build 2708876 on Wed Nov  6 21:39:14 MST 2019
  **** IP Build 2700528 on Thu Nov  7 00:09:20 MST 2019
    ** Copyright 1986-2019 Xilinx, Inc. All Rights Reserved.

source cla_adder_top.tcl -notrace
Command: synth_design -top cla_adder_top -part xc7s100fgga676-2
Starting synth_design
Attempting to get a license for feature 'Synthesis' and/or device 'xc7s100'
INFO: [Common 17-349] Got license for feature 'Synthesis' and/or device 'xc7s100'
INFO: Launching helper process for spawning children vivado processes
INFO: Helper process launched with PID 357641 
---------------------------------------------------------------------------------
Starting Synthesize : Time (s): cpu = 00:00:04 ; elapsed = 00:00:05 . Memory (MB): peak = 1626.215 ; gain = 194.746 ; free physical = 204 ; free virtual = 9385
---------------------------------------------------------------------------------
INFO: [Synth 8-6157] synthesizing module 'cla_adder_top' [/home/college/Y2S1/VLSI/Project/Verilog/cla.v:42]
INFO: [Synth 8-6157] synthesizing module 'd_flip_flop' [/home/college/Y2S1/VLSI/Project/Verilog/cla.v:3]
INFO: [Synth 8-6155] done synthesizing module 'd_flip_flop' (1#1) [/home/college/Y2S1/VLSI/Project/Verilog/cla.v:3]
INFO: [Synth 8-6157] synthesizing module 'cla_logic' [/home/college/Y2S1/VLSI/Project/Verilog/cla.v:17]
INFO: [Synth 8-6155] done synthesizing module 'cla_logic' (2#1) [/home/college/Y2S1/VLSI/Project/Verilog/cla.v:17]
INFO: [Synth 8-6155] done synthesizing module 'cla_adder_top' (3#1) [/home/college/Y2S1/VLSI/Project/Verilog/cla.v:42]
---------------------------------------------------------------------------------
Finished Synthesize : Time (s): cpu = 00:00:05 ; elapsed = 00:00:07 . Memory (MB): peak = 1687.965 ; gain = 256.496 ; free physical = 179 ; free virtual = 9363
---------------------------------------------------------------------------------
---------------------------------------------------------------------------------
Finished Constraint Validation : Time (s): cpu = 00:00:05 ; elapsed = 00:00:07 . Memory (MB): peak = 1690.934 ; gain = 259.465 ; free physical = 179 ; free virtual = 9363
---------------------------------------------------------------------------------
---------------------------------------------------------------------------------
Start Loading Part and Timing Information
---------------------------------------------------------------------------------
Loading part: xc7s100fgga676-2
INFO: [Device 21-403] Loading part xc7s100fgga676-2
---------------------------------------------------------------------------------
Finished Loading Part and Timing Information : Time (s): cpu = 00:00:05 ; elapsed = 00:00:07 . Memory (MB): peak = 1698.938 ; gain = 267.469 ; free physical = 177 ; free virtual = 9360
---------------------------------------------------------------------------------
---------------------------------------------------------------------------------
Finished RTL Optimization Phase 2 : Time (s): cpu = 00:00:05 ; elapsed = 00:00:08 . Memory (MB): peak = 1707.844 ; gain = 276.375 ; free physical = 174 ; free virtual = 9360
---------------------------------------------------------------------------------

Report RTL Partitions: 
+-+--------------+------------+----------+
| |RTL Partition |Replication |Instances |
+-+--------------+------------+----------+
+-+--------------+------------+----------+
No constraint files found.
---------------------------------------------------------------------------------
Start RTL Component Statistics 
---------------------------------------------------------------------------------
Detailed RTL Component Info : 
+---XORs : 
	   2 Input      5 Bit         XORs := 2     
+---Registers : 
	                1 Bit    Registers := 16    
---------------------------------------------------------------------------------
Finished RTL Component Statistics 
---------------------------------------------------------------------------------
---------------------------------------------------------------------------------
Start RTL Hierarchical Component Statistics 
---------------------------------------------------------------------------------
Hierarchical RTL Component report 
Module cla_logic 
Detailed RTL Component Info : 
+---XORs : 
	   2 Input      5 Bit         XORs := 2     
Module d_flip_flop 
Detailed RTL Component Info : 
+---Registers : 
	                1 Bit    Registers := 1     
---------------------------------------------------------------------------------
Finished RTL Hierarchical Component Statistics
---------------------------------------------------------------------------------
---------------------------------------------------------------------------------
Start Part Resource Summary
---------------------------------------------------------------------------------
Part Resources:
DSPs: 160 (col length:80)
BRAMs: 240 (col length: RAMB18 80 RAMB36 40)
---------------------------------------------------------------------------------
Finished Part Resource Summary
---------------------------------------------------------------------------------
No constraint files found.
---------------------------------------------------------------------------------
Start Cross Boundary and Area Optimization
---------------------------------------------------------------------------------
Warning: Parallel synthesis criteria is not met 
---------------------------------------------------------------------------------
Finished Cross Boundary and Area Optimization : Time (s): cpu = 00:00:08 ; elapsed = 00:00:12 . Memory (MB): peak = 1828.156 ; gain = 396.688 ; free physical = 176 ; free virtual = 9179
---------------------------------------------------------------------------------

Report RTL Partitions: 
+-+--------------+------------+----------+
| |RTL Partition |Replication |Instances |
+-+--------------+------------+----------+
+-+--------------+------------+----------+
No constraint files found.
---------------------------------------------------------------------------------
Start Timing Optimization
---------------------------------------------------------------------------------
---------------------------------------------------------------------------------
Finished Timing Optimization : Time (s): cpu = 00:00:08 ; elapsed = 00:00:12 . Memory (MB): peak = 1831.125 ; gain = 399.656 ; free physical = 161 ; free virtual = 9164
---------------------------------------------------------------------------------

Report RTL Partitions: 
+-+--------------+------------+----------+
| |RTL Partition |Replication |Instances |
+-+--------------+------------+----------+
+-+--------------+------------+----------+
---------------------------------------------------------------------------------
Start Technology Mapping
---------------------------------------------------------------------------------
---------------------------------------------------------------------------------
Finished Technology Mapping : Time (s): cpu = 00:00:08 ; elapsed = 00:00:12 . Memory (MB): peak = 1831.125 ; gain = 399.656 ; free physical = 161 ; free virtual = 9164
---------------------------------------------------------------------------------

Report RTL Partitions: 
+-+--------------+------------+----------+
| |RTL Partition |Replication |Instances |
+-+--------------+------------+----------+
+-+--------------+------------+----------+
---------------------------------------------------------------------------------
Start IO Insertion
---------------------------------------------------------------------------------
---------------------------------------------------------------------------------
Start Flattening Before IO Insertion
---------------------------------------------------------------------------------
---------------------------------------------------------------------------------
Finished Flattening Before IO Insertion
---------------------------------------------------------------------------------
---------------------------------------------------------------------------------
Start Final Netlist Cleanup
---------------------------------------------------------------------------------
---------------------------------------------------------------------------------
Finished Final Netlist Cleanup
---------------------------------------------------------------------------------
---------------------------------------------------------------------------------
Finished IO Insertion : Time (s): cpu = 00:00:12 ; elapsed = 00:00:16 . Memory (MB): peak = 1831.125 ; gain = 399.656 ; free physical = 171 ; free virtual = 9174
---------------------------------------------------------------------------------
---------------------------------------------------------------------------------
Start Renaming Generated Instances
---------------------------------------------------------------------------------
---------------------------------------------------------------------------------
Finished Renaming Generated Instances : Time (s): cpu = 00:00:12 ; elapsed = 00:00:16 . Memory (MB): peak = 1831.125 ; gain = 399.656 ; free physical = 171 ; free virtual = 9174
---------------------------------------------------------------------------------

Report RTL Partitions: 
+-+--------------+------------+----------+
| |RTL Partition |Replication |Instances |
+-+--------------+------------+----------+
+-+--------------+------------+----------+

Report Check Netlist: 
+------+------------------+-------+---------+-------+------------------+
|      |Item              |Errors |Warnings |Status |Description       |
+------+------------------+-------+---------+-------+------------------+
|1     |multi_driven_nets |      0|        0|Passed |Multi driven nets |
+------+------------------+-------+---------+-------+------------------+
---------------------------------------------------------------------------------
Start Rebuilding User Hierarchy
---------------------------------------------------------------------------------
---------------------------------------------------------------------------------
Finished Rebuilding User Hierarchy : Time (s): cpu = 00:00:12 ; elapsed = 00:00:16 . Memory (MB): peak = 1831.125 ; gain = 399.656 ; free physical = 171 ; free virtual = 9174
---------------------------------------------------------------------------------
---------------------------------------------------------------------------------
Start Renaming Generated Ports
---------------------------------------------------------------------------------
---------------------------------------------------------------------------------
Finished Renaming Generated Ports : Time (s): cpu = 00:00:12 ; elapsed = 00:00:16 . Memory (MB): peak = 1831.125 ; gain = 399.656 ; free physical = 171 ; free virtual = 9174
---------------------------------------------------------------------------------
---------------------------------------------------------------------------------
Start Handling Custom Attributes
---------------------------------------------------------------------------------
---------------------------------------------------------------------------------
Finished Handling Custom Attributes : Time (s): cpu = 00:00:12 ; elapsed = 00:00:16 . Memory (MB): peak = 1831.125 ; gain = 399.656 ; free physical = 171 ; free virtual = 9174
---------------------------------------------------------------------------------
---------------------------------------------------------------------------------
Start Renaming Generated Nets
---------------------------------------------------------------------------------
---------------------------------------------------------------------------------
Finished Renaming Generated Nets : Time (s): cpu = 00:00:12 ; elapsed = 00:00:16 . Memory (MB): peak = 1831.125 ; gain = 399.656 ; free physical = 171 ; free virtual = 9174
---------------------------------------------------------------------------------
---------------------------------------------------------------------------------
Start Writing Synthesis Report
---------------------------------------------------------------------------------

Report BlackBoxes: 
+-+--------------+----------+
| |BlackBox name |Instances |
+-+--------------+----------+
+-+--------------+----------+

Report Cell Usage: 
+------+-----+------+
|      |Cell |Count |
+------+-----+------+
|1     |BUFG |     1|
|2     |LUT1 |     1|
|3     |LUT3 |     4|
|4     |LUT5 |     4|
|5     |FDCE |    16|
|6     |IBUF |    13|
|7     |OBUF |     6|
+------+-----+------+

Report Instance Areas: 
+------+-------------------------------+---------------+------+
|      |Instance                       |Module         |Cells |
+------+-------------------------------+---------------+------+
|1     |top                            |               |    45|
|2     |  ff_cout                      |d_flip_flop    |     1|
|3     |  \input_stage[0].ff_a         |d_flip_flop_0  |     7|
|4     |  \input_stage[0].ff_b         |d_flip_flop_1  |     1|
|5     |  \input_stage[1].ff_a         |d_flip_flop_2  |     1|
|6     |  \input_stage[1].ff_b         |d_flip_flop_3  |     2|
|7     |  \input_stage[2].ff_a         |d_flip_flop_4  |     1|
|8     |  \input_stage[2].ff_b         |d_flip_flop_5  |     2|
|9     |  \input_stage[3].ff_a         |d_flip_flop_6  |     1|
|10    |  \input_stage[3].ff_b         |d_flip_flop_7  |     1|
|11    |  \input_stage[4].ff_a         |d_flip_flop_8  |     1|
|12    |  \input_stage[4].ff_b         |d_flip_flop_9  |     1|
|13    |  \output_sum_stage[0].ff_sum  |d_flip_flop_10 |     1|
|14    |  \output_sum_stage[1].ff_sum  |d_flip_flop_11 |     1|
|15    |  \output_sum_stage[2].ff_sum  |d_flip_flop_12 |     2|
|16    |  \output_sum_stage[3].ff_sum  |d_flip_flop_13 |     1|
|17    |  \output_sum_stage[4].ff_sum  |d_flip_flop_14 |     1|
+------+-------------------------------+---------------+------+
---------------------------------------------------------------------------------
Finished Writing Synthesis Report : Time (s): cpu = 00:00:12 ; elapsed = 00:00:16 . Memory (MB): peak = 1831.125 ; gain = 399.656 ; free physical = 171 ; free virtual = 9174
---------------------------------------------------------------------------------
Synthesis finished with 0 errors, 0 critical warnings and 0 warnings.
Synthesis Optimization Runtime : Time (s): cpu = 00:00:12 ; elapsed = 00:00:16 . Memory (MB): peak = 1831.125 ; gain = 399.656 ; free physical = 173 ; free virtual = 9176
Synthesis Optimization Complete : Time (s): cpu = 00:00:12 ; elapsed = 00:00:16 . Memory (MB): peak = 1831.133 ; gain = 399.656 ; free physical = 173 ; free virtual = 9176
INFO: [Project 1-571] Translating synthesized netlist
Netlist sorting complete. Time (s): cpu = 00:00:00 ; elapsed = 00:00:00 . Memory (MB): peak = 1841.031 ; gain = 0.000 ; free physical = 272 ; free virtual = 9282
INFO: [Project 1-570] Preparing netlist for logic optimization
INFO: [Opt 31-138] Pushed 0 inverter(s) to 0 load pin(s).
Netlist sorting complete. Time (s): cpu = 00:00:00 ; elapsed = 00:00:00 . Memory (MB): peak = 1969.777 ; gain = 0.000 ; free physical = 191 ; free virtual = 9209
INFO: [Project 1-111] Unisim Transformation Summary:
No Unisim elements were transformed.

INFO: [Common 17-83] Releasing license: Synthesis
13 Infos, 0 Warnings, 0 Critical Warnings and 0 Errors encountered.
synth_design completed successfully
synth_design: Time (s): cpu = 00:00:16 ; elapsed = 00:00:27 . Memory (MB): peak = 1969.777 ; gain = 538.309 ; free physical = 313 ; free virtual = 9331
Netlist sorting complete. Time (s): cpu = 00:00:00 ; elapsed = 00:00:00 . Memory (MB): peak = 1969.777 ; gain = 0.000 ; free physical = 313 ; free virtual = 9331
WARNING: [Constraints 18-5210] No constraints selected for write.
Resolution: This message can indicate that there are no constraints for the design, or it can indicate that the used_in flags are set such that the constraints are ignored. This later case is used when running synth_design to not write synthesis constraints to the resulting checkpoint. Instead, project constraints are read when the synthesized design is opened.
INFO: [Common 17-1381] The checkpoint '/home/college/Y2S1/VLSI/Project/FPGA/VLSIProj/VLSIProj.runs/synth_1/cla_adder_top.dcp' has been generated.
INFO: [runtcl-4] Executing : report_utilization -file cla_adder_top_utilization_synth.rpt -pb cla_adder_top_utilization_synth.pb
INFO: [Common 17-206] Exiting Vivado at Wed Dec  3 16:38:11 2025...
